Microchip MPLAB XC8 Compiler V2.00 ()

Linker command line:

-W-3 --edf=C:\Program Files (x86)\Microchip\xc8\v2.00\pic\dat\en_msgs.txt \
  -pivt0x8=08h -cs -h+dist/default/production\CSWB.X.production.sym \
  --cmf=dist/default/production\CSWB.X.production.cmf -z -Q18F47K42 \
  -oC:\Users\marc-\AppData\Local\Temp\sji8.2 --defsym=__MPLAB_BUILD=1 \
  -Mdist/default/production/CSWB.X.production.map -E1 -ver=XC8 \
  -ASTACK=0A1h-01fffh -pstack=STACK -ACODE=00h-01FFFFh -ACONST=00h-01FFFFh \
  -ASMALLCONST=02000h-020FFhx480 \
  -AMEDIUMCONST=02000h-0FFFFh,012000h-01FFFFh -ACOMRAM=01h-05Fh \
  -AABS1=00h-01FFFh -ABIGRAM=01h-01FFFh -ARAM=060h-0FFh,0100h-01FFhx31 \
  -ABANK0=060h-0FFh -ABANK1=0100h-01FFh -ABANK2=0200h-02FFh \
  -ABANK3=0300h-03FFh -ABANK4=0400h-04FFh -ABANK5=0500h-05FFh \
  -ABANK6=0600h-06FFh -ABANK7=0700h-07FFh -ABANK8=0800h-08FFh \
  -ABANK9=0900h-09FFh -ABANK10=0A00h-0AFFh -ABANK11=0B00h-0BFFh \
  -ABANK12=0C00h-0CFFh -ABANK13=0D00h-0DFFh -ABANK14=0E00h-0EFFh \
  -ABANK15=0F00h-0FFFh -ABANK16=01000h-010FFh -ABANK17=01100h-011FFh \
  -ABANK18=01200h-012FFh -ABANK19=01300h-013FFh -ABANK20=01400h-014FFh \
  -ABANK21=01500h-015FFh -ABANK22=01600h-016FFh -ABANK23=01700h-017FFh \
  -ABANK24=01800h-018FFh -ABANK25=01900h-019FFh -ABANK26=01A00h-01AFFh \
  -ABANK27=01B00h-01BFFh -ABANK28=01C00h-01CFFh -ABANK29=01D00h-01DFFh \
  -ABANK30=01E00h-01EFFh -ABANK31=01F00h-01FFFh \
  -ASFR=03800h-038FFhx7,03F00h-03F5Fh,03F60h-03FFFh -preset_vec=00h \
  -ppowerup=CODE,init -pramtop=02000h -psmallconst=SMALLCONST \
  -pmediumconst=MEDIUMCONST -pconst=CONST -AFARRAM=00h-00h \
  -ACONFIG=0300000h-0300009h -pconfig=CONFIG -AIDLOC=0200000h-020000Fh \
  -pidloc=IDLOC -AEEDATA=0310000h-03103FFh -peeprom_data=EEDATA \
  -prdata=COMRAM,nvrram=COMRAM,nvbit=COMRAM,rbss=COMRAM,rbit=COMRAM \
  -pfarbss=FARRAM,fardata=FARRAM,nvFARRAM=FARRAM \
  -pintsave_regs=BIGRAM,bigbss=BIGRAM,bigdata=BIGRAM -pbss=RAM \
  -pidata=CODE,irdata=CODE,ibigdata=CODE,ifardata=CODE -prparam=COMRAM \
  C:\Users\marc-\AppData\Local\Temp\sji8.o \
  dist/default/production\CSWB.X.production.o 

Object code version is 3.11

Machine type is 18F47K42

Call graph: (short form)




                Name                               Link     Load   Length Selector   Space Scale
C:\Users\marc-\AppData\Local\Temp\sji8.o
                init                                 1A       1A        4        4       0
                reset_vec                             0        0        4        0       0
                idloc                            200000   200000       10   200000       0
                config                           300000   300000        A   300000       0
dist/default/production\CSWB.X.production.o
                mediumconst                        FED0     FED0      130     7F68       0
                ivt0x8                                8        8       12        4       0
                text64                            11D50    11D50      670     8000       0
                text63                            12AE0    12AE0       98     8000       0
                text62                            13396    13396       1C     998E       0
                text61                            131F0    131F0       2E     8000       0
                text60                            132D8    132D8       22     8000       0
                text59                            12EE8    12EE8       4A     8000       0
                text58                            134D2    134D2        6     998E       0
                text57                            1344C    1344C       12     998E       0
                text56                            134A2    134A2        A     998E       0
                text55                            12786    12786      126     8000       0
                text54                            12E02    12E02       52     8000       0
                text53                            128AC    128AC       C4     8000       0
                text52                            1337A    1337A       1C     998E       0
                text51                            134C4    134C4        8     998E       0
                text50                            134BC    134BC        8     998E       0
                text49                            134B4    134B4        8     998E       0
                text48                            131C2    131C2       2E     8000       0
                text47                            132B6    132B6       22     8000       0
                text46                            12DB0    12DB0       52     8000       0
                text45                            133FE    133FE       16     998E       0
                text44                            12A28    12A28       B8     8000       0
                text43                            12970    12970       B8     8000       0
                text42                            12E9E    12E9E       4A     8000       0
                text41                            13414    13414       14     998E       0
                text40                            1333C    1333C       20     998E       0
                text39                            1312A    1312A       36     8000       0
                text38                            12F78    12F78       46     8000       0
                text37                            13042    13042       3C     8000       0
                text36                            130B8    130B8       3A     8000       0
                text35                            1347E    1347E        E     998E       0
                text34                            134CC    134CC        6     998E       0
                text33                            11558    11558      7F8     8000       0
                text32                            12650    12650      136     8000       0
                text31                            1307E    1307E       3A     8000       0
                text30                            1331C    1331C       20     998E       0
                text29                            12E54    12E54       4A     8000       0
                text28                            13000    13000       42     8000       0
                text27                            1250E    1250E      142     8000       0
                text26                            1343A    1343A       12     998E       0
                text25                            1346E    1346E       10     998E       0
                text24                            13428    13428       12     998E       0
                text23                            1345E    1345E       10     998E       0
                text22                            123C0    123C0      14E     8000       0
                text21                            13192    13192       30     8000       0
                text20                            13498    13498        A     998E       0
                text19                            12CF8    12CF8       66     8000       0
                text18                            12F32    12F32       46     8000       0
                text17                            13294    13294       22     8000       0
                text16                            1335C    1335C       1E     998E       0
                text15                            12C00    12C00       86     8000       0
                text14                            134DA    134DA        2     998E       0
                text13                            134D8    134D8        2     998E       0
                text12                            1348C    1348C        C     998E       0
                text11                            133E6    133E6       18     998E       0
                text10                            13160    13160       32     8000       0
                text9                             13270    13270       24     8000       0
                text8                             133CC    133CC       1A     998E       0
                text7                             1321E    1321E       2C     8000       0
                text6                             133B2    133B2       1A     998E       0
                text5                             12FBE    12FBE       42     8000       0
                text4                             134AC    134AC        8     998E       0
                text3                             12B78    12B78       88     8000       0
                text2                             12D5E    12D5E       52     8000       0
                text1                             130F2    130F2       38     8000       0
                text0                             10000    10000     1558     8000       0
                cstackCOMRAM                         22       22       19        1       1
                cstackBANK0                          86       86       13       60       1
                dataBANK0                            60       60       26       60       1
                bssBANK0                             99       99        8       60       1
                dataCOMRAM                            1        1       21        1       1
                bssCOMRAM                            3B       3B       18        1       1
                cinit                             12C86    12C86       72     8000       0
                idataBANK0                        1324A    1324A       26     8000       0
                idataCOMRAM                       132FA    132FA       21     8000       0

TOTAL           Name                               Link     Load   Length     Space
        CLASS   STACK          

        CLASS   CODE           
                init                                 1A       1A        4         0
                reset_vec                             0        0        4         0
                ivt0x8                                8        8       12         0
                text64                            11D50    11D50      670         0
                text63                            12AE0    12AE0       98         0
                text62                            13396    13396       1C         0
                text61                            131F0    131F0       2E         0
                text60                            132D8    132D8       22         0
                text59                            12EE8    12EE8       4A         0
                text58                            134D2    134D2        6         0
                text57                            1344C    1344C       12         0
                text56                            134A2    134A2        A         0
                text55                            12786    12786      126         0
                text54                            12E02    12E02       52         0
                text53                            128AC    128AC       C4         0
                text52                            1337A    1337A       1C         0
                text51                            134C4    134C4        8         0
                text50                            134BC    134BC        8         0
                text49                            134B4    134B4        8         0
                text48                            131C2    131C2       2E         0
                text47                            132B6    132B6       22         0
                text46                            12DB0    12DB0       52         0
                text45                            133FE    133FE       16         0
                text44                            12A28    12A28       B8         0
                text43                            12970    12970       B8         0
                text42                            12E9E    12E9E       4A         0
                text41                            13414    13414       14         0
                text40                            1333C    1333C       20         0
                text39                            1312A    1312A       36         0
                text38                            12F78    12F78       46         0
                text37                            13042    13042       3C         0
                text36                            130B8    130B8       3A         0
                text35                            1347E    1347E        E         0
                text34                            134CC    134CC        6         0
                text33                            11558    11558      7F8         0
                text32                            12650    12650      136         0
                text31                            1307E    1307E       3A         0
                text30                            1331C    1331C       20         0
                text29                            12E54    12E54       4A         0
                text28                            13000    13000       42         0
                text27                            1250E    1250E      142         0
                text26                            1343A    1343A       12         0
                text25                            1346E    1346E       10         0
                text24                            13428    13428       12         0
                text23                            1345E    1345E       10         0
                text22                            123C0    123C0      14E         0
                text21                            13192    13192       30         0
                text20                            13498    13498        A         0
                text19                            12CF8    12CF8       66         0
                text18                            12F32    12F32       46         0
                text17                            13294    13294       22         0
                text16                            1335C    1335C       1E         0
                text15                            12C00    12C00       86         0
                text14                            134DA    134DA        2         0
                text13                            134D8    134D8        2         0
                text12                            1348C    1348C        C         0
                text11                            133E6    133E6       18         0
                text10                            13160    13160       32         0
                text9                             13270    13270       24         0
                text8                             133CC    133CC       1A         0
                text7                             1321E    1321E       2C         0
                text6                             133B2    133B2       1A         0
                text5                             12FBE    12FBE       42         0
                text4                             134AC    134AC        8         0
                text3                             12B78    12B78       88         0
                text2                             12D5E    12D5E       52         0
                text1                             130F2    130F2       38         0
                text0                             10000    10000     1558         0
                cinit                             12C86    12C86       72         0
                idataBANK0                        1324A    1324A       26         0
                idataCOMRAM                       132FA    132FA       21         0

        CLASS   CONST          

        CLASS   SMALLCONST     

        CLASS   MEDIUMCONST    
                mediumconst                        FED0     FED0      130         0

        CLASS   COMRAM         
                cstackCOMRAM                         22       22       19         1
                dataCOMRAM                            1        1       21         1
                bssCOMRAM                            3B       3B       18         1

        CLASS   ABS1           

        CLASS   BIGRAM         

        CLASS   RAM            

        CLASS   BANK0          
                cstackBANK0                          86       86       13         1
                dataBANK0                            60       60       26         1
                bssBANK0                             99       99        8         1

        CLASS   BANK1          

        CLASS   BANK2          

        CLASS   BANK3          

        CLASS   BANK4          

        CLASS   BANK5          

        CLASS   BANK6          

        CLASS   BANK7          

        CLASS   BANK8          

        CLASS   BANK9          

        CLASS   BANK10         

        CLASS   BANK11         

        CLASS   BANK12         

        CLASS   BANK13         

        CLASS   BANK14         

        CLASS   BANK15         

        CLASS   BANK16         

        CLASS   BANK17         

        CLASS   BANK18         

        CLASS   BANK19         

        CLASS   BANK20         

        CLASS   BANK21         

        CLASS   BANK22         

        CLASS   BANK23         

        CLASS   BANK24         

        CLASS   BANK25         

        CLASS   BANK26         

        CLASS   BANK27         

        CLASS   BANK28         

        CLASS   BANK29         

        CLASS   BANK30         

        CLASS   BANK31         

        CLASS   SFR            

        CLASS   FARRAM         

        CLASS   CONFIG         
                config                           300000   300000        A         0

        CLASS   IDLOC          
                idloc                            200000   200000       10         0

        CLASS   EEDATA         



SEGMENTS        Name                           Load    Length   Top    Selector   Space  Class

                reset_vec                      000000  000004  000004         0       0  CODE    
                dataCOMRAM                     000001  000052  000053         1       1  COMRAM  
                ivt0x8                         000008  000016  00001E         4       0  CODE    
                dataBANK0                      000060  000041  0000A1        60       1  BANK0   
                mediumconst                    00FED0  000130  010000      7F68       0  MEDIUMCO
                text0                          010000  00331B  01331B      8000       0  CODE    
                text30                         01331C  0001C0  0134DC      998E       0  CODE    
                idloc                          200000  000010  200010    200000       0  IDLOC   
                config                         300000  00000A  30000A    300000       0  CONFIG  


UNUSED ADDRESS RANGES

        Name                Unused          Largest block    Delta
        BANK0            0000A1-0000FF               5F
        BANK1            000100-0001FF              100
        BANK10           000A00-000AFF              100
        BANK11           000B00-000BFF              100
        BANK12           000C00-000CFF              100
        BANK13           000D00-000DFF              100
        BANK14           000E00-000EFF              100
        BANK15           000F00-000FFF              100
        BANK16           001000-0010FF              100
        BANK17           001100-0011FF              100
        BANK18           001200-0012FF              100
        BANK19           001300-0013FF              100
        BANK2            000200-0002FF              100
        BANK20           001400-0014FF              100
        BANK21           001500-0015FF              100
        BANK22           001600-0016FF              100
        BANK23           001700-0017FF              100
        BANK24           001800-0018FF              100
        BANK25           001900-0019FF              100
        BANK26           001A00-001AFF              100
        BANK27           001B00-001BFF              100
        BANK28           001C00-001CFF              100
        BANK29           001D00-001DFF              100
        BANK3            000300-0003FF              100
        BANK30           001E00-001EFF              100
        BANK31           001F00-001FFF              100
        BANK4            000400-0004FF              100
        BANK5            000500-0005FF              100
        BANK6            000600-0006FF              100
        BANK7            000700-0007FF              100
        BANK8            000800-0008FF              100
        BANK9            000900-0009FF              100
        BIGRAM           000053-00005F                D
                         0000A1-001FFF             1F5F
        CODE             000004-000007                4
                         00001E-00FECF             FEB2
                         01331B-01331B                1
                         0134DC-01FFFF             CB24
        COMRAM           000053-00005F                D
        CONST            000004-000007                4
                         00001E-00FECF             FEB2
                         01331B-01331B                1
                         0134DC-01FFFF             CB24
        EEDATA           310000-3103FF              400
        MEDIUMCONST      002000-00FECF             DED0
                         01331B-01331B                1
                         0134DC-01FFFF             CB24
        RAM              0000A1-001FFF              100
        SFR              003800-003FFF              100
        SMALLCONST       002000-00FECF              100
                         01331B-01331B                1
                         0134DC-01FFFF              100
        STACK            0000A1-001FFF             1F5F

                                  Symbol Table

?_keypadRead                             cstackCOMRAM 000031
?_keypadScan                             cstackCOMRAM 00002E
?_strcmp                                 cstackCOMRAM 00002E
?_strlen                                 cstackCOMRAM 00002E
?_verifyPassword                         cstackCOMRAM 000034
IVTBASEH                                 (abs)        003FD6
IVTBASEL                                 (abs)        003FD5
IVTBASEU                                 (abs)        003FD7
LCD_Cmd@b                                cstackCOMRAM 00002E
LCD_Set_Cursor@c                         cstackCOMRAM 00002F
LCD_Set_Cursor@d                         cstackCOMRAM 000031
LCD_Set_Cursor@temp                      cstackCOMRAM 000033
LCD_Write_Char@e                         cstackCOMRAM 00002E
LCD_Write_String@f                       cstackCOMRAM 00002F
LCD_Write_String@i                       cstackCOMRAM 000033
LCD_printAccepted@i                      cstackCOMRAM 000037
LCD_printDeclined@i                      cstackCOMRAM 000037
LCD_printInitialCountdown@i              cstackCOMRAM 000034
LCD_printNowCountdown@i                  cstackCOMRAM 000034
_ADC_MANAGER_Initialize                  text14       0134DA
_ANSELBbits                              (abs)        003A50
_ANSELD                                  (abs)        003A70
_BEEPER_Initialize                       text18       012F32
_CCPTMRS1bits                            (abs)        003F5F
_CONFIGURATION_Initialize                text13       0134D8
_COUNTDOWN_Initialize                    text17       013294
_FALSE                                   bssCOMRAM    00003F
_INTCON0bits                             (abs)        003FD2
_INTERRUPT_Initialize                    text12       01348C
_IPR3bits                                (abs)        003983
_ISR                                     text53       0128AC
_KEYPAD_Initialize                       text16       01335C
_LATA                                    (abs)        003FBA
_LATAbits                                (abs)        003FBA
_LATB                                    (abs)        003FBB
_LATBbits                                (abs)        003FBB
_LATC                                    (abs)        003FBC
_LATCbits                                (abs)        003FBC
_LATD                                    (abs)        003FBD
_LATE                                    (abs)        003FBE
_LCD_Clear                               text30       01331C
_LCD_Cmd                                 text52       01337A
_LCD_Cursor_Blink_Off                    text49       0134B4
_LCD_Cursor_Blink_On                     text4        0134AC
_LCD_Cursor_Left                         text51       0134C4
_LCD_Cursor_Right                        text50       0134BC
_LCD_Initialize                          text15       012C00
_LCD_Set_Cursor                          text48       0131C2
_LCD_Write_Char                          text47       0132B6
_LCD_Write_String                        text46       012DB0
_LCD_printAccepted                       text44       012A28
_LCD_printDeclined                       text43       012970
_LCD_printInitialCountdown               text42       012E9E
_LCD_printNowCountdown                   text29       012E54
_LCD_resetPasswordEntry                  text39       01312A
_NONE                                    bssCOMRAM    00003D
_ODCONA                                  (abs)        003A42
_ODCOND                                  (abs)        003A72
_OFF                                     bssCOMRAM    000041
_ON                                      dataCOMRAM   000011
_OSCCON1                                 (abs)        0039D9
_OSCCON3                                 (abs)        0039DB
_OSCEN                                   (abs)        0039DD
_OSCFRQ                                  (abs)        0039DF
_OSCILLATOR_Initialize                   text11       0133E6
_OSCTUNE                                 (abs)        0039DE
_PIE0bits                                (abs)        003990
_PIE3bits                                (abs)        003993
_PIE4bits                                (abs)        003994
_PIN_MANAGER_Initialize                  text10       013160
_PIR3bits                                (abs)        0039A3
_PIR4bits                                (abs)        0039A4
_PMD0                                    (abs)        0039C0
_PMD1                                    (abs)        0039C1
_PMD2                                    (abs)        0039C2
_PMD3                                    (abs)        0039C3
_PMD4                                    (abs)        0039C4
_PMD5                                    (abs)        0039C5
_PMD6                                    (abs)        0039C6
_PMD7                                    (abs)        0039C7
_PMD_Initialize                          text9        013270
_PORTBbits                               (abs)        003FCB
_PWM5CONbits                             (abs)        003F6E
_PWM5DCH                                 (abs)        003F6D
_PWM5DCL                                 (abs)        003F6C
_RA1PPS                                  (abs)        003A01
_RC1PPS                                  (abs)        003A11
_SYSTEM_Initialize                       text8        0133CC
_T0CON0bits                              (abs)        003FB8
_T0CON1bits                              (abs)        003FB9
_T1CLK                                   (abs)        003FB5
_T1CON                                   (abs)        003FB2
_T1CONbits                               (abs)        003FB2
_T2CLKbits                               (abs)        003FAE
_T2CONbits                               (abs)        003FAC
_T2PR                                    (abs)        003FAB
_TMR0H                                   (abs)        003FB7
_TMR0L                                   (abs)        003FB6
_TMR1H                                   (abs)        003FB1
_TMR1L                                   (abs)        003FB0
_TRISAbits                               (abs)        003FC2
_TRISBbits                               (abs)        003FC3
_TRISC                                   (abs)        003FC4
_TRISCbits                               (abs)        003FC4
_TRISD                                   (abs)        003FC5
_TRUE                                    dataCOMRAM   00000F
_U1BRGH                                  (abs)        003DF6
_U1BRGL                                  (abs)        003DF5
_U1CON0bits                              (abs)        003DF2
_U1CON1bits                              (abs)        003DF3
_U1RXPPS                                 (abs)        003AE5
_U1TXB                                   (abs)        003DEA
_UART1_Initialize                        text7        01321E
_WPUA                                    (abs)        003A41
_WPUD                                    (abs)        003A71
__CFG_BBEN$OFF                           (abs)        000000
__CFG_BBSIZE$BBSIZE_512                  (abs)        000000
__CFG_BOREN$SBORDIS                      (abs)        000000
__CFG_BORV$VBOR_2P45                     (abs)        000000
__CFG_CLKOUTEN$OFF                       (abs)        000000
__CFG_CP$OFF                             (abs)        000000
__CFG_CSWEN$ON                           (abs)        000000
__CFG_DEBUG$OFF                          (abs)        000000
__CFG_FCMEN$ON                           (abs)        000000
__CFG_FEXTOSC$OFF                        (abs)        000000
__CFG_IVT1WAY$ON                         (abs)        000000
__CFG_LPBOREN$OFF                        (abs)        000000
__CFG_LVP$ON                             (abs)        000000
__CFG_MCLRE$EXTMCLR                      (abs)        000000
__CFG_MVECEN$OFF                         (abs)        000000
__CFG_PPS1WAY$ON                         (abs)        000000
__CFG_PR1WAY$ON                          (abs)        000000
__CFG_PWRTS$PWRT_OFF                     (abs)        000000
__CFG_RSTOSC$HFINTOSC_1MHZ               (abs)        000000
__CFG_SAFEN$OFF                          (abs)        000000
__CFG_STVREN$ON                          (abs)        000000
__CFG_WDTCCS$SC                          (abs)        000000
__CFG_WDTCPS$WDTCPS_31                   (abs)        000000
__CFG_WDTCWS$WDTCWS_7                    (abs)        000000
__CFG_WDTE$OFF                           (abs)        000000
__CFG_WRTAPP$OFF                         (abs)        000000
__CFG_WRTB$OFF                           (abs)        000000
__CFG_WRTC$OFF                           (abs)        000000
__CFG_WRTD$OFF                           (abs)        000000
__CFG_WRTSAF$OFF                         (abs)        000000
__CFG_XINST$OFF                          (abs)        000000
__CFG_ZCD$OFF                            (abs)        000000
__HRAM                                   (abs)        000000
__Habs1                                  abs1         000000
__Hbank0                                 bank0        000000
__Hbank1                                 bank1        000000
__Hbank10                                bank10       000000
__Hbank11                                bank11       000000
__Hbank12                                bank12       000000
__Hbank13                                bank13       000000
__Hbank14                                bank14       000000
__Hbank15                                bank15       000000
__Hbank16                                bank16       000000
__Hbank17                                bank17       000000
__Hbank18                                bank18       000000
__Hbank19                                bank19       000000
__Hbank2                                 bank2        000000
__Hbank20                                bank20       000000
__Hbank21                                bank21       000000
__Hbank22                                bank22       000000
__Hbank23                                bank23       000000
__Hbank24                                bank24       000000
__Hbank25                                bank25       000000
__Hbank26                                bank26       000000
__Hbank27                                bank27       000000
__Hbank28                                bank28       000000
__Hbank29                                bank29       000000
__Hbank3                                 bank3        000000
__Hbank30                                bank30       000000
__Hbank31                                bank31       000000
__Hbank4                                 bank4        000000
__Hbank5                                 bank5        000000
__Hbank6                                 bank6        000000
__Hbank7                                 bank7        000000
__Hbank8                                 bank8        000000
__Hbank9                                 bank9        000000
__Hbigbss                                bigbss       000000
__Hbigdata                               bigdata      000000
__Hbigram                                bigram       000000
__Hbss                                   bss          000000
__HbssBANK0                              bssBANK0     000000
__HbssCOMRAM                             bssCOMRAM    000000
__Hcinit                                 cinit        000000
__Hclrtext                               clrtext      000000
__Hcomram                                comram       000000
__Hconfig                                config       30000A
__Hconst                                 const        000000
__HcstackBANK0                           cstackBANK0  000000
__HcstackCOMRAM                          cstackCOMRAM 000000
__Hdata                                  data         000000
__HdataBANK0                             dataBANK0    000000
__HdataCOMRAM                            dataCOMRAM   000000
__Heeprom_data                           eeprom_data  000000
__Hfarbss                                farbss       000000
__Hfardata                               fardata      000000
__Hibigdata                              ibigdata     000000
__Hidata                                 idata        000000
__HidataBANK0                            idataBANK0   000000
__HidataCOMRAM                           idataCOMRAM  000000
__Hidloc                                 idloc        200010
__Hifardata                              ifardata     000000
__Hinit                                  init         00001E
__Hintsave_regs                          intsave_regs 000000
__Hirdata                                irdata       000000
__Hivt0x8                                ivt0x8       00001A
__Hmediumconst                           mediumconst  010000
__HnvFARRAM                              nvFARRAM     000000
__Hnvbit                                 nvbit        000000
__Hnvrram                                nvrram       000000
__Hparam                                 rparam       000000
__Hpowerup                               powerup      000000
__Hram                                   ram          000000
__Hramtop                                ramtop       002000
__Hrbit                                  rbit         000000
__Hrbss                                  rbss         000000
__Hrdata                                 rdata        000000
__Hreset_vec                             reset_vec    000004
__Hrparam                                rparam       000000
__Hsfr                                   sfr          000000
__Hsmallconst                            smallconst   000000
__Hspace_0                               (abs)        30000A
__Hspace_1                               (abs)        0000A1
__Hspace_2                               (abs)        000000
__Hstack                                 stack        000000
__Hstruct                                struct       000000
__Htemp                                  temp         000000
__Htext                                  text         000000
__Htext0                                 text0        000000
__Htext1                                 text1        000000
__Htext10                                text10       000000
__Htext11                                text11       000000
__Htext12                                text12       000000
__Htext13                                text13       000000
__Htext14                                text14       000000
__Htext15                                text15       000000
__Htext16                                text16       000000
__Htext17                                text17       000000
__Htext18                                text18       000000
__Htext19                                text19       000000
__Htext2                                 text2        000000
__Htext20                                text20       000000
__Htext21                                text21       000000
__Htext22                                text22       000000
__Htext23                                text23       000000
__Htext24                                text24       000000
__Htext25                                text25       000000
__Htext26                                text26       000000
__Htext27                                text27       000000
__Htext28                                text28       000000
__Htext29                                text29       000000
__Htext3                                 text3        000000
__Htext30                                text30       000000
__Htext31                                text31       000000
__Htext32                                text32       000000
__Htext33                                text33       000000
__Htext34                                text34       000000
__Htext35                                text35       000000
__Htext36                                text36       000000
__Htext37                                text37       000000
__Htext38                                text38       000000
__Htext39                                text39       000000
__Htext4                                 text4        000000
__Htext40                                text40       000000
__Htext41                                text41       000000
__Htext42                                text42       000000
__Htext43                                text43       000000
__Htext44                                text44       000000
__Htext45                                text45       000000
__Htext46                                text46       000000
__Htext47                                text47       000000
__Htext48                                text48       000000
__Htext49                                text49       000000
__Htext5                                 text5        000000
__Htext50                                text50       000000
__Htext51                                text51       000000
__Htext52                                text52       000000
__Htext53                                text53       000000
__Htext54                                text54       000000
__Htext55                                text55       000000
__Htext56                                text56       000000
__Htext57                                text57       000000
__Htext58                                text58       000000
__Htext59                                text59       000000
__Htext6                                 text6        000000
__Htext60                                text60       000000
__Htext61                                text61       000000
__Htext62                                text62       000000
__Htext63                                text63       000000
__Htext64                                text64       000000
__Htext7                                 text7        000000
__Htext8                                 text8        000000
__Htext9                                 text9        000000
__LRAM                                   (abs)        000001
__Labs1                                  abs1         000000
__Lbank0                                 bank0        000000
__Lbank1                                 bank1        000000
__Lbank10                                bank10       000000
__Lbank11                                bank11       000000
__Lbank12                                bank12       000000
__Lbank13                                bank13       000000
__Lbank14                                bank14       000000
__Lbank15                                bank15       000000
__Lbank16                                bank16       000000
__Lbank17                                bank17       000000
__Lbank18                                bank18       000000
__Lbank19                                bank19       000000
__Lbank2                                 bank2        000000
__Lbank20                                bank20       000000
__Lbank21                                bank21       000000
__Lbank22                                bank22       000000
__Lbank23                                bank23       000000
__Lbank24                                bank24       000000
__Lbank25                                bank25       000000
__Lbank26                                bank26       000000
__Lbank27                                bank27       000000
__Lbank28                                bank28       000000
__Lbank29                                bank29       000000
__Lbank3                                 bank3        000000
__Lbank30                                bank30       000000
__Lbank31                                bank31       000000
__Lbank4                                 bank4        000000
__Lbank5                                 bank5        000000
__Lbank6                                 bank6        000000
__Lbank7                                 bank7        000000
__Lbank8                                 bank8        000000
__Lbank9                                 bank9        000000
__Lbigbss                                bigbss       000000
__Lbigdata                               bigdata      000000
__Lbigram                                bigram       000000
__Lbss                                   bss          000000
__LbssBANK0                              bssBANK0     000000
__LbssCOMRAM                             bssCOMRAM    000000
__Lcinit                                 cinit        000000
__Lclrtext                               clrtext      000000
__Lcomram                                comram       000000
__Lconfig                                config       300000
__Lconst                                 const        000000
__LcstackBANK0                           cstackBANK0  000000
__LcstackCOMRAM                          cstackCOMRAM 000000
__Ldata                                  data         000000
__LdataBANK0                             dataBANK0    000000
__LdataCOMRAM                            dataCOMRAM   000000
__Leeprom_data                           eeprom_data  000000
__Lfarbss                                farbss       000000
__Lfardata                               fardata      000000
__Libigdata                              ibigdata     000000
__Lidata                                 idata        000000
__LidataBANK0                            idataBANK0   000000
__LidataCOMRAM                           idataCOMRAM  000000
__Lidloc                                 idloc        200000
__Lifardata                              ifardata     000000
__Linit                                  init         00001A
__Lintsave_regs                          intsave_regs 000000
__Lirdata                                irdata       000000
__Livt0x8                                ivt0x8       000008
__Lmediumconst                           mediumconst  00FED0
__LnvFARRAM                              nvFARRAM     000000
__Lnvbit                                 nvbit        000000
__Lnvrram                                nvrram       000000
__Lparam                                 rparam       000000
__Lpowerup                               powerup      000000
__Lram                                   ram          000000
__Lramtop                                ramtop       002000
__Lrbit                                  rbit         000000
__Lrbss                                  rbss         000000
__Lrdata                                 rdata        000000
__Lreset_vec                             reset_vec    000000
__Lrparam                                rparam       000000
__Lsfr                                   sfr          000000
__Lsmallconst                            smallconst   000000
__Lspace_0                               (abs)        000000
__Lspace_1                               (abs)        000000
__Lspace_2                               (abs)        000000
__Lstack                                 stack        000000
__Lstruct                                struct       000000
__Ltemp                                  temp         000000
__Ltext                                  text         000000
__Ltext0                                 text0        000000
__Ltext1                                 text1        000000
__Ltext10                                text10       000000
__Ltext11                                text11       000000
__Ltext12                                text12       000000
__Ltext13                                text13       000000
__Ltext14                                text14       000000
__Ltext15                                text15       000000
__Ltext16                                text16       000000
__Ltext17                                text17       000000
__Ltext18                                text18       000000
__Ltext19                                text19       000000
__Ltext2                                 text2        000000
__Ltext20                                text20       000000
__Ltext21                                text21       000000
__Ltext22                                text22       000000
__Ltext23                                text23       000000
__Ltext24                                text24       000000
__Ltext25                                text25       000000
__Ltext26                                text26       000000
__Ltext27                                text27       000000
__Ltext28                                text28       000000
__Ltext29                                text29       000000
__Ltext3                                 text3        000000
__Ltext30                                text30       000000
__Ltext31                                text31       000000
__Ltext32                                text32       000000
__Ltext33                                text33       000000
__Ltext34                                text34       000000
__Ltext35                                text35       000000
__Ltext36                                text36       000000
__Ltext37                                text37       000000
__Ltext38                                text38       000000
__Ltext39                                text39       000000
__Ltext4                                 text4        000000
__Ltext40                                text40       000000
__Ltext41                                text41       000000
__Ltext42                                text42       000000
__Ltext43                                text43       000000
__Ltext44                                text44       000000
__Ltext45                                text45       000000
__Ltext46                                text46       000000
__Ltext47                                text47       000000
__Ltext48                                text48       000000
__Ltext49                                text49       000000
__Ltext5                                 text5        000000
__Ltext50                                text50       000000
__Ltext51                                text51       000000
__Ltext52                                text52       000000
__Ltext53                                text53       000000
__Ltext54                                text54       000000
__Ltext55                                text55       000000
__Ltext56                                text56       000000
__Ltext57                                text57       000000
__Ltext58                                text58       000000
__Ltext59                                text59       000000
__Ltext6                                 text6        000000
__Ltext60                                text60       000000
__Ltext61                                text61       000000
__Ltext62                                text62       000000
__Ltext63                                text63       000000
__Ltext64                                text64       000000
__Ltext7                                 text7        000000
__Ltext8                                 text8        000000
__Ltext9                                 text9        000000
__S0                                     (abs)        30000A
__S1                                     (abs)        0000A1
__S2                                     (abs)        000000
___inthi_sp                              stack        000000
___intlo_sp                              stack        000000
___param_bank                            (abs)        000000
___rparam_used                           (abs)        000001
___sp                                    stack        000000
__accesstop                              (abs)        000060
__activetblptr                           (abs)        000002
__end_of_ADC_MANAGER_Initialize          text14       0134DC
__end_of_BEEPER_Initialize               text18       012F78
__end_of_CONFIGURATION_Initialize        text13       0134DA
__end_of_COUNTDOWN_Initialize            text17       0132B6
__end_of_INTERRUPT_Initialize            text12       013498
__end_of_ISR                             text53       012970
__end_of_KEYPAD_Initialize               text16       01337A
__end_of_LCD_Clear                       text30       01333C
__end_of_LCD_Cmd                         text52       013396
__end_of_LCD_Cursor_Blink_Off            text49       0134BC
__end_of_LCD_Cursor_Blink_On             text4        0134B4
__end_of_LCD_Cursor_Left                 text51       0134CC
__end_of_LCD_Cursor_Right                text50       0134C4
__end_of_LCD_Initialize                  text15       012C86
__end_of_LCD_Set_Cursor                  text48       0131F0
__end_of_LCD_Write_Char                  text47       0132D8
__end_of_LCD_Write_String                text46       012E02
__end_of_LCD_printAccepted               text44       012AE0
__end_of_LCD_printDeclined               text43       012A28
__end_of_LCD_printInitialCountdown       text42       012EE8
__end_of_LCD_printNowCountdown           text29       012E9E
__end_of_LCD_resetPasswordEntry          text39       013160
__end_of_OSCILLATOR_Initialize           text11       0133FE
__end_of_PIN_MANAGER_Initialize          text10       013192
__end_of_PMD_Initialize                  text9        013294
__end_of_SYSTEM_Initialize               text8        0133E6
__end_of_UART1_Initialize                text7        01324A
__end_of__initialization                 cinit        012CEE
__end_of_armBeep                         text40       01335C
__end_of_armedPageReset                  text36       0130F2
__end_of_countdownStart                  text35       01348C
__end_of_countdownStop                   text34       0134D2
__end_of_countdown_drop_timer            text55       0128AC
__end_of_countdown_initial_str2num       text33       011D50
__end_of_countdown_now_num2str           text64       0123C0
__end_of_countdown_now_reset_to_initial  text32       012786
__end_of_disarmBeep                      text31       0130B8
__end_of_disarmedPageReset               text28       013042
__end_of_endBeep                         text63       012B78
__end_of_keypadRead                      text22       01250E
__end_of_keypadScan                      text27       012650
__end_of_longLowBeep                     text45       013414
__end_of_main                            text0        011558
__end_of_normalBeep                      text26       01344C
__end_of_normalBlink                     text25       01347E
__end_of_quickBeep                       text24       01343A
__end_of_quickBlink                      text23       01346E
__end_of_resetEntry                      text37       01307E
__end_of_resetPasswordEntry              text21       0131C2
__end_of_serialPrint                     text19       012D5E
__end_of_serialSend                      text20       0134A2
__end_of_setup                           text6        0133CC
__end_of_stanbyPageReset                 text5        013000
__end_of_strcmp                          text2        012DB0
__end_of_strlen                          text38       012FBE
__end_of_verifyInterfaceOptions          text3        012C00
__end_of_verifyPassword                  text1        01312A
__end_of_veryLowBeep                     text41       013428
__end_ofi2_LCD_Cmd                       text62       0133B2
__end_ofi2_LCD_Set_Cursor                text61       01321E
__end_ofi2_LCD_Write_Char                text60       0132FA
__end_ofi2_LCD_Write_String              text54       012E54
__end_ofi2_LCD_printNowCountdown         text59       012F32
__end_ofi2_countdownStop                 text58       0134D8
__end_ofi2_normalBeep                    text57       01345E
__end_ofi2_serialSend                    text56       0134AC
__initialization                         cinit        012C86
__mediumconst                            mediumconst  00FED0
__pbssBANK0                              bssBANK0     000099
__pbssCOMRAM                             bssCOMRAM    00003B
__pcinit                                 cinit        012C86
__pcstackBANK0                           cstackBANK0  000086
__pcstackCOMRAM                          cstackCOMRAM 000022
__pdataBANK0                             dataBANK0    000060
__pdataCOMRAM                            dataCOMRAM   000001
__pidataBANK0                            idataBANK0   01324A
__pidataCOMRAM                           idataCOMRAM  0132FA
__pivt0x8                                ivt0x8       000008
__pmediumconst                           mediumconst  00FED0
__ptext0                                 text0        010000
__ptext1                                 text1        0130F2
__ptext10                                text10       013160
__ptext11                                text11       0133E6
__ptext12                                text12       01348C
__ptext13                                text13       0134D8
__ptext14                                text14       0134DA
__ptext15                                text15       012C00
__ptext16                                text16       01335C
__ptext17                                text17       013294
__ptext18                                text18       012F32
__ptext19                                text19       012CF8
__ptext2                                 text2        012D5E
__ptext20                                text20       013498
__ptext21                                text21       013192
__ptext22                                text22       0123C0
__ptext23                                text23       01345E
__ptext24                                text24       013428
__ptext25                                text25       01346E
__ptext26                                text26       01343A
__ptext27                                text27       01250E
__ptext28                                text28       013000
__ptext29                                text29       012E54
__ptext3                                 text3        012B78
__ptext30                                text30       01331C
__ptext31                                text31       01307E
__ptext32                                text32       012650
__ptext33                                text33       011558
__ptext34                                text34       0134CC
__ptext35                                text35       01347E
__ptext36                                text36       0130B8
__ptext37                                text37       013042
__ptext38                                text38       012F78
__ptext39                                text39       01312A
__ptext4                                 text4        0134AC
__ptext40                                text40       01333C
__ptext41                                text41       013414
__ptext42                                text42       012E9E
__ptext43                                text43       012970
__ptext44                                text44       012A28
__ptext45                                text45       0133FE
__ptext46                                text46       012DB0
__ptext47                                text47       0132B6
__ptext48                                text48       0131C2
__ptext49                                text49       0134B4
__ptext5                                 text5        012FBE
__ptext50                                text50       0134BC
__ptext51                                text51       0134C4
__ptext52                                text52       01337A
__ptext53                                text53       0128AC
__ptext54                                text54       012E02
__ptext55                                text55       012786
__ptext56                                text56       0134A2
__ptext57                                text57       01344C
__ptext58                                text58       0134D2
__ptext59                                text59       012EE8
__ptext6                                 text6        0133B2
__ptext60                                text60       0132D8
__ptext61                                text61       0131F0
__ptext62                                text62       013396
__ptext63                                text63       012AE0
__ptext64                                text64       011D50
__ptext7                                 text7        01321E
__ptext8                                 text8        0133CC
__ptext9                                 text9        013270
__ramtop                                 ramtop       002000
__size_of_ADC_MANAGER_Initialize         (abs)        000000
__size_of_BEEPER_Initialize              (abs)        000000
__size_of_CONFIGURATION_Initialize       (abs)        000000
__size_of_COUNTDOWN_Initialize           (abs)        000000
__size_of_INTERRUPT_Initialize           (abs)        000000
__size_of_ISR                            (abs)        000000
__size_of_KEYPAD_Initialize              (abs)        000000
__size_of_LCD_Clear                      (abs)        000000
__size_of_LCD_Cmd                        (abs)        000000
__size_of_LCD_Cursor_Blink_Off           (abs)        000000
__size_of_LCD_Cursor_Blink_On            (abs)        000000
__size_of_LCD_Cursor_Left                (abs)        000000
__size_of_LCD_Cursor_Right               (abs)        000000
__size_of_LCD_Initialize                 (abs)        000000
__size_of_LCD_Set_Cursor                 (abs)        000000
__size_of_LCD_Write_Char                 (abs)        000000
__size_of_LCD_Write_String               (abs)        000000
__size_of_LCD_printAccepted              (abs)        000000
__size_of_LCD_printDeclined              (abs)        000000
__size_of_LCD_printInitialCountdown      (abs)        000000
__size_of_LCD_printNowCountdown          (abs)        000000
__size_of_LCD_resetPasswordEntry         (abs)        000000
__size_of_OSCILLATOR_Initialize          (abs)        000000
__size_of_PIN_MANAGER_Initialize         (abs)        000000
__size_of_PMD_Initialize                 (abs)        000000
__size_of_SYSTEM_Initialize              (abs)        000000
__size_of_UART1_Initialize               (abs)        000000
__size_of_armBeep                        (abs)        000000
__size_of_armedPageReset                 (abs)        000000
__size_of_countdownStart                 (abs)        000000
__size_of_countdownStop                  (abs)        000000
__size_of_countdown_drop_timer           (abs)        000000
__size_of_countdown_initial_str2num      (abs)        000000
__size_of_countdown_now_num2str          (abs)        000000
__size_of_countdown_now_reset_to_initial (abs)        000000
__size_of_disarmBeep                     (abs)        000000
__size_of_disarmedPageReset              (abs)        000000
__size_of_endBeep                        (abs)        000000
__size_of_keypadRead                     (abs)        000000
__size_of_keypadScan                     (abs)        000000
__size_of_longLowBeep                    (abs)        000000
__size_of_main                           (abs)        000000
__size_of_normalBeep                     (abs)        000000
__size_of_normalBlink                    (abs)        000000
__size_of_quickBeep                      (abs)        000000
__size_of_quickBlink                     (abs)        000000
__size_of_resetEntry                     (abs)        000000
__size_of_resetPasswordEntry             (abs)        000000
__size_of_serialPrint                    (abs)        000000
__size_of_serialSend                     (abs)        000000
__size_of_setup                          (abs)        000000
__size_of_stanbyPageReset                (abs)        000000
__size_of_strcmp                         (abs)        000000
__size_of_strlen                         (abs)        000000
__size_of_verifyInterfaceOptions         (abs)        000000
__size_of_verifyPassword                 (abs)        000000
__size_of_veryLowBeep                    (abs)        000000
__size_ofi2_LCD_Cmd                      (abs)        000000
__size_ofi2_LCD_Set_Cursor               (abs)        000000
__size_ofi2_LCD_Write_Char               (abs)        000000
__size_ofi2_LCD_Write_String             (abs)        000000
__size_ofi2_LCD_printNowCountdown        (abs)        000000
__size_ofi2_countdownStop                (abs)        000000
__size_ofi2_normalBeep                   (abs)        000000
__size_ofi2_serialSend                   (abs)        000000
__smallconst                             smallconst   000000
_alarmMode                               dataCOMRAM   000021
_armBeep                                 text40       01333C
_armed                                   dataCOMRAM   00001F
_armedPageReset                          text36       0130B8
_countdownBeeps                          dataCOMRAM   000017
_countdownBeepsMem                       dataCOMRAM   000015
_countdownMode                           bssCOMRAM    000051
_countdownStart                          text35       01347E
_countdownStop                           text34       0134CC
_countdown_drop_timer                    text55       012786
_countdown_initial_str2num               text33       011558
_countdown_now_num2str                   text64       011D50
_countdown_now_reset_to_initial          text32       012650
_cursorBlinkMem                          dataCOMRAM   000013
_disarmBeep                              text31       01307E
_disarmed                                dataCOMRAM   00001D
_disarmedPageReset                       text28       013000
_endBeep                                 text63       012AE0
_exploded                                dataCOMRAM   00001B
_gameMode                                dataCOMRAM   00000D
_isPasswordTrue                          bssCOMRAM    00004B
_keyBeeps                                dataCOMRAM   000019
_keyBeepsMem                             dataBANK0    000074
_keyHeld                                 bssCOMRAM    000050
_keyIterrator                            bssCOMRAM    00004D
_keyPressed                              bssCOMRAM    00004F
_keypadOutput                            bssCOMRAM    00003B
_keypadRead                              text22       0123C0
_keypadScan                              text27       01250E
_longLowBeep                             text45       0133FE
_main                                    text0        010000
_mode                                    bssCOMRAM    000052
_normalBeep                              text26       01343A
_normalBlink                             text25       01346E
_numCountdownInitialTime                 dataBANK0    000060
_numCountdownNowTime                     dataCOMRAM   000001
_password                                dataBANK0    00007E
_passwordChange                          bssCOMRAM    000047
_quickBeep                               text24       013428
_quickBlink                              text23       01345E
_resetEntry                              text37       013042
_resetPasswordEntry                      text21       013192
_serialPrint                             text19       012CF8
_serialSend                              text20       013498
_setup                                   text6        0133B2
_stanby                                  bssCOMRAM    000043
_stanbyPageReset                         text5        012FBE
_status                                  bssCOMRAM    000045
_strCountdownInitialTime                 dataBANK0    00006C
_strCountdownNowTime                     dataBANK0    000076
_strcmp                                  text2        012D5E
_strlen                                  text38       012F78
_timerChange                             bssCOMRAM    000049
_userPswdEntry                           bssBANK0     000099
_verifyInterfaceOptions                  text3        012B78
_verifyPassword                          text1        0130F2
_veryLowBeep                             text41       013414
countdown_initial_str2num@i              cstackCOMRAM 000032
countdown_now_num2str@i                  cstackCOMRAM 000024
countdown_now_reset_to_initial@i         cstackCOMRAM 000032
endBeep@i                                cstackCOMRAM 000023
endBeep@i_538                            cstackCOMRAM 000025
end_of_initialization                    cinit        012CEE
i2LCD_Cmd@b                              cstackCOMRAM 000022
i2LCD_Set_Cursor@c                       cstackCOMRAM 000023
i2LCD_Set_Cursor@d                       cstackCOMRAM 000025
i2LCD_Set_Cursor@temp                    cstackCOMRAM 000027
i2LCD_Write_Char@e                       cstackCOMRAM 000022
i2LCD_Write_String@f                     cstackCOMRAM 000023
i2LCD_Write_String@i                     cstackCOMRAM 000027
i2LCD_printNowCountdown@i                cstackCOMRAM 000028
i2_LCD_Cmd                               text62       013396
i2_LCD_Set_Cursor                        text61       0131F0
i2_LCD_Write_Char                        text60       0132D8
i2_LCD_Write_String                      text54       012E02
i2_LCD_printNowCountdown                 text59       012EE8
i2_countdownStop                         text58       0134D2
i2_normalBeep                            text57       01344C
i2_serialSend                            text56       0134A2
i2serialSend@word                        cstackCOMRAM 000022
intlevel0                                text         000000
intlevel1                                text         000000
intlevel2                                text         000000
intlevel3                                text         000000
ivt0x8_base                              ivt0x8       000008
keypadRead@flagPressed                   cstackBANK0  000088
keypadRead@key                           cstackBANK0  00008E
keypadRead@keyHeld                       cstackBANK0  00008C
keypadRead@keyHoldTime                   cstackBANK0  000086
keypadRead@keyPressed                    cstackBANK0  00008D
keypadRead@output                        cstackBANK0  00008A
main@cursorPos                           cstackBANK0  000095
main@cursorPos_1259                      cstackBANK0  000097
main@i                                   cstackBANK0  000091
main@i_1238                              cstackBANK0  000093
resetEntry@i                             cstackCOMRAM 000036
resetEntry@str                           cstackCOMRAM 000034
resetPasswordEntry@i                     cstackCOMRAM 00002E
serialPrint@i                            cstackCOMRAM 000039
serialPrint@len                          cstackCOMRAM 000037
serialPrint@string                       cstackCOMRAM 000034
serialSend@word                          cstackCOMRAM 00002E
stackhi                                  (abs)        001FFF
stacklo                                  (abs)        0000A1
start                                    init         00001A
start_initialization                     cinit        012C86
strcmp@r                                 cstackCOMRAM 000033
strcmp@s1                                cstackCOMRAM 00002E
strcmp@s2                                cstackCOMRAM 000030
strlen@cp                                cstackCOMRAM 000032
strlen@s                                 cstackCOMRAM 00002E
verifyPassword@pass                      cstackCOMRAM 000036
verifyPassword@user                      cstackCOMRAM 000034


FUNCTION INFORMATION:

 *************** function _main *****************
 Defined at:
		line 104 in file "main.c"
 Parameters:    Size  Location     Type
		None
 Auto vars:     Size  Location     Type
  i               2   11[BANK0 ] int 
  i               2   13[BANK0 ] int 
  cursorPos       2   17[BANK0 ] int 
  cursorPos       2   15[BANK0 ] int 
 Return value:  Size  Location     Type
                  1    wreg      void 
 Registers used:
		wreg, fsr1l, fsr1h, fsr2l, fsr2h, status,2, status,0, tblptrl, tblptrh, tblptru, cstack
 Tracked objects:
		On entry : 
		On exit  : 
		Unchanged: 
 Data sizes:     COMRAM   BANK0   BANK1   BANK2   BANK3   BANK4   BANK5   BANK6   BANK7   BANK8   BANK9  BANK10  BANK11  BANK12  BANK13  BANK14  BANK15  BANK16  BANK17  BANK18  BANK19  BANK20  BANK21  BANK22  BANK23  BANK24  BANK25  BANK26  BANK27  BANK28  BANK29  BANK30  BANK31
      Params:         0       0       0       0       0       0       0       0       0       0       0       0       0       0       0       0       0       0       0       0       0       0       0       0       0       0       0       0       0       0       0       0       0
      Locals:         0       8       0       0       0       0       0       0       0       0       0       0       0       0       0       0       0       0       0       0       0       0       0       0       0       0       0       0       0       0       0       0       0
      Temps:          0       2       0       0       0       0       0       0       0       0       0       0       0       0       0       0       0       0       0       0       0       0       0       0       0       0       0       0       0       0       0       0       0
      Totals:         0      10       0       0       0       0       0       0       0       0       0       0       0       0       0       0       0       0       0       0       0       0       0       0       0       0       0       0       0       0       0       0       0
Total ram usage:       10 bytes
 Hardware stack levels required when called:    9
 This function calls:
		_LCD_Cursor_Blink_Off
		_LCD_Cursor_Blink_On
		_LCD_Cursor_Left
		_LCD_Cursor_Right
		_LCD_Set_Cursor
		_LCD_Write_Char
		_LCD_Write_String
		_LCD_printAccepted
		_LCD_printDeclined
		_LCD_printInitialCountdown
		_LCD_printNowCountdown
		_LCD_resetPasswordEntry
		_armBeep
		_armedPageReset
		_countdownStart
		_countdownStop
		_countdown_initial_str2num
		_countdown_now_reset_to_initial
		_disarmBeep
		_disarmedPageReset
		_keypadRead
		_resetEntry
		_resetPasswordEntry
		_serialPrint
		_serialSend
		_setup
		_stanbyPageReset
		_verifyInterfaceOptions
		_verifyPassword
 This function is called by:
		Startup code after reset
 This function uses a non-reentrant model


 *************** function _verifyPassword *****************
 Defined at:
		line 51 in file "main.c"
 Parameters:    Size  Location     Type
  user            2   18[COMRAM] PTR unsigned char 
		 -> userPswdEntry(8), 
  pass            2   20[COMRAM] PTR unsigned char 
		 -> password(8), 
 Auto vars:     Size  Location     Type
		None
 Return value:  Size  Location     Type
                  2   18[COMRAM] int 
 Registers used:
		wreg, fsr2l, fsr2h, status,2, status,0, cstack
 Tracked objects:
		On entry : 
		On exit  : 
		Unchanged: 
 Data sizes:     COMRAM   BANK0   BANK1   BANK2   BANK3   BANK4   BANK5   BANK6   BANK7   BANK8   BANK9  BANK10  BANK11  BANK12  BANK13  BANK14  BANK15  BANK16  BANK17  BANK18  BANK19  BANK20  BANK21  BANK22  BANK23  BANK24  BANK25  BANK26  BANK27  BANK28  BANK29  BANK30  BANK31
      Params:         4       0       0       0       0       0       0       0       0       0       0       0       0       0       0       0       0       0       0       0       0       0       0       0       0       0       0       0       0       0       0       0       0
      Locals:         0       0       0       0       0       0       0       0       0       0       0       0       0       0       0       0       0       0       0       0       0       0       0       0       0       0       0       0       0       0       0       0       0
      Temps:          0       0       0       0       0       0       0       0       0       0       0       0       0       0       0       0       0       0       0       0       0       0       0       0       0       0       0       0       0       0       0       0       0
      Totals:         4       0       0       0       0       0       0       0       0       0       0       0       0       0       0       0       0       0       0       0       0       0       0       0       0       0       0       0       0       0       0       0       0
Total ram usage:        4 bytes
 Hardware stack levels used:    1
 Hardware stack levels required when called:    6
 This function calls:
		_strcmp
 This function is called by:
		_main
 This function uses a non-reentrant model


 *************** function _strcmp *****************
 Defined at:
		line 33 in file "C:\Program Files (x86)\Microchip\xc8\v2.00\pic\sources\c90\common\strcmp.c"
 Parameters:    Size  Location     Type
  s1              2   12[COMRAM] PTR const unsigned char 
		 -> userPswdEntry(8), 
  s2              2   14[COMRAM] PTR const unsigned char 
		 -> password(8), 
 Auto vars:     Size  Location     Type
  r               1   17[COMRAM] char 
 Return value:  Size  Location     Type
                  2   12[COMRAM] int 
 Registers used:
		wreg, fsr2l, fsr2h, status,2, status,0
 Tracked objects:
		On entry : 
		On exit  : 
		Unchanged: 
 Data sizes:     COMRAM   BANK0   BANK1   BANK2   BANK3   BANK4   BANK5   BANK6   BANK7   BANK8   BANK9  BANK10  BANK11  BANK12  BANK13  BANK14  BANK15  BANK16  BANK17  BANK18  BANK19  BANK20  BANK21  BANK22  BANK23  BANK24  BANK25  BANK26  BANK27  BANK28  BANK29  BANK30  BANK31
      Params:         4       0       0       0       0       0       0       0       0       0       0       0       0       0       0       0       0       0       0       0       0       0       0       0       0       0       0       0       0       0       0       0       0
      Locals:         1       0       0       0       0       0       0       0       0       0       0       0       0       0       0       0       0       0       0       0       0       0       0       0       0       0       0       0       0       0       0       0       0
      Temps:          1       0       0       0       0       0       0       0       0       0       0       0       0       0       0       0       0       0       0       0       0       0       0       0       0       0       0       0       0       0       0       0       0
      Totals:         6       0       0       0       0       0       0       0       0       0       0       0       0       0       0       0       0       0       0       0       0       0       0       0       0       0       0       0       0       0       0       0       0
Total ram usage:        6 bytes
 Hardware stack levels used:    1
 Hardware stack levels required when called:    5
 This function calls:
		Nothing
 This function is called by:
		_verifyPassword
 This function uses a non-reentrant model


 *************** function _verifyInterfaceOptions *****************
 Defined at:
		line 89 in file "main.c"
 Parameters:    Size  Location     Type
		None
 Auto vars:     Size  Location     Type
		None
 Return value:  Size  Location     Type
                  1    wreg      void 
 Registers used:
		wreg, status,2, status,0, cstack
 Tracked objects:
		On entry : 
		On exit  : 
		Unchanged: 
 Data sizes:     COMRAM   BANK0   BANK1   BANK2   BANK3   BANK4   BANK5   BANK6   BANK7   BANK8   BANK9  BANK10  BANK11  BANK12  BANK13  BANK14  BANK15  BANK16  BANK17  BANK18  BANK19  BANK20  BANK21  BANK22  BANK23  BANK24  BANK25  BANK26  BANK27  BANK28  BANK29  BANK30  BANK31
      Params:         0       0       0       0       0       0       0       0       0       0       0       0       0       0       0       0       0       0       0       0       0       0       0       0       0       0       0       0       0       0       0       0       0
      Locals:         0       0       0       0       0       0       0       0       0       0       0       0       0       0       0       0       0       0       0       0       0       0       0       0       0       0       0       0       0       0       0       0       0
      Temps:          0       0       0       0       0       0       0       0       0       0       0       0       0       0       0       0       0       0       0       0       0       0       0       0       0       0       0       0       0       0       0       0       0
      Totals:         0       0       0       0       0       0       0       0       0       0       0       0       0       0       0       0       0       0       0       0       0       0       0       0       0       0       0       0       0       0       0       0       0
Total ram usage:        0 bytes
 Hardware stack levels used:    1
 Hardware stack levels required when called:    7
 This function calls:
		_LCD_Cursor_Blink_Off
		_LCD_Cursor_Blink_On
 This function is called by:
		_main
 This function uses a non-reentrant model


 *************** function _LCD_Cursor_Blink_On *****************
 Defined at:
		line 96 in file "lcd.c"
 Parameters:    Size  Location     Type
		None
 Auto vars:     Size  Location     Type
		None
 Return value:  Size  Location     Type
                  1    wreg      void 
 Registers used:
		wreg, status,2, cstack
 Tracked objects:
		On entry : 
		On exit  : 
		Unchanged: 
 Data sizes:     COMRAM   BANK0   BANK1   BANK2   BANK3   BANK4   BANK5   BANK6   BANK7   BANK8   BANK9  BANK10  BANK11  BANK12  BANK13  BANK14  BANK15  BANK16  BANK17  BANK18  BANK19  BANK20  BANK21  BANK22  BANK23  BANK24  BANK25  BANK26  BANK27  BANK28  BANK29  BANK30  BANK31
      Params:         0       0       0       0       0       0       0       0       0       0       0       0       0       0       0       0       0       0       0       0       0       0       0       0       0       0       0       0       0       0       0       0       0
[...]
      Params:         0       0       0       0       0       0       0       0       0       0       0       0       0       0       0       0       0       0       0       0       0       0       0       0       0       0       0       0       0       0       0       0       0
      Locals:         0       0       0       0       0       0       0       0       0       0       0       0       0       0       0       0       0       0       0       0       0       0       0       0       0       0       0       0       0       0       0       0       0
      Temps:          0       0       0       0       0       0       0       0       0       0       0       0       0       0       0       0       0       0       0       0       0       0       0       0       0       0       0       0       0       0       0       0       0
      Totals:         0       0       0       0       0       0       0       0       0       0       0       0       0       0       0       0       0       0       0       0       0       0       0       0       0       0       0       0       0       0       0       0       0
Total ram usage:        0 bytes
 Hardware stack levels used:    1
 This function calls:
		Nothing
 This function is called by:
		_countdown_drop_timer
 This function uses a non-reentrant model


 *************** function i2_countdownStop *****************
 Defined at:
		line 32 in file "countdown.c"
 Parameters:    Size  Location     Type
		None
 Auto vars:     Size  Location     Type
		None
 Return value:  Size  Location     Type
                  1    wreg      void 
 Registers used:
		None
 Tracked objects:
		On entry : 
		On exit  : 
		Unchanged: 
 Data sizes:     COMRAM   BANK0   BANK1   BANK2   BANK3   BANK4   BANK5   BANK6   BANK7   BANK8   BANK9  BANK10  BANK11  BANK12  BANK13  BANK14  BANK15  BANK16  BANK17  BANK18  BANK19  BANK20  BANK21  BANK22  BANK23  BANK24  BANK25  BANK26  BANK27  BANK28  BANK29  BANK30  BANK31
      Params:         0       0       0       0       0       0       0       0       0       0       0       0       0       0       0       0       0       0       0       0       0       0       0       0       0       0       0       0       0       0       0       0       0
      Locals:         0       0       0       0       0       0       0       0       0       0       0       0       0       0       0       0       0       0       0       0       0       0       0       0       0       0       0       0       0       0       0       0       0
      Temps:          0       0       0       0       0       0       0       0       0       0       0       0       0       0       0       0       0       0       0       0       0       0       0       0       0       0       0       0       0       0       0       0       0
      Totals:         0       0       0       0       0       0       0       0       0       0       0       0       0       0       0       0       0       0       0       0       0       0       0       0       0       0       0       0       0       0       0       0       0
Total ram usage:        0 bytes
 Hardware stack levels used:    1
 This function calls:
		Nothing
 This function is called by:
		_countdown_drop_timer
 This function uses a non-reentrant model


 *************** function i2_LCD_printNowCountdown *****************
 Defined at:
		line 153 in file "lcd.c"
 Parameters:    Size  Location     Type
		None
 Auto vars:     Size  Location     Type
  LCD_printNow    2    6[COMRAM] int 
 Return value:  Size  Location     Type
                  1    wreg      void 
 Registers used:
		wreg, fsr2l, fsr2h, status,2, status,0, cstack
 Tracked objects:
		On entry : 
		On exit  : 
		Unchanged: 
 Data sizes:     COMRAM   BANK0   BANK1   BANK2   BANK3   BANK4   BANK5   BANK6   BANK7   BANK8   BANK9  BANK10  BANK11  BANK12  BANK13  BANK14  BANK15  BANK16  BANK17  BANK18  BANK19  BANK20  BANK21  BANK22  BANK23  BANK24  BANK25  BANK26  BANK27  BANK28  BANK29  BANK30  BANK31
      Params:         0       0       0       0       0       0       0       0       0       0       0       0       0       0       0       0       0       0       0       0       0       0       0       0       0       0       0       0       0       0       0       0       0
      Locals:         2       0       0       0       0       0       0       0       0       0       0       0       0       0       0       0       0       0       0       0       0       0       0       0       0       0       0       0       0       0       0       0       0
      Temps:          0       0       0       0       0       0       0       0       0       0       0       0       0       0       0       0       0       0       0       0       0       0       0       0       0       0       0       0       0       0       0       0       0
      Totals:         2       0       0       0       0       0       0       0       0       0       0       0       0       0       0       0       0       0       0       0       0       0       0       0       0       0       0       0       0       0       0       0       0
Total ram usage:        2 bytes
 Hardware stack levels used:    1
 Hardware stack levels required when called:    2
 This function calls:
		i2_LCD_Set_Cursor
		i2_LCD_Write_Char
 This function is called by:
		_countdown_drop_timer
 This function uses a non-reentrant model


 *************** function i2_LCD_Write_Char *****************
 Defined at:
		line 77 in file "lcd.c"
 Parameters:    Size  Location     Type
  e               1    wreg     unsigned char 
 Auto vars:     Size  Location     Type
  e               1    0[COMRAM] unsigned char 
 Return value:  Size  Location     Type
                  1    wreg      void 
 Registers used:
		wreg, status,2, status,0, cstack
 Tracked objects:
		On entry : 
		On exit  : 
		Unchanged: 
 Data sizes:     COMRAM   BANK0   BANK1   BANK2   BANK3   BANK4   BANK5   BANK6   BANK7   BANK8   BANK9  BANK10  BANK11  BANK12  BANK13  BANK14  BANK15  BANK16  BANK17  BANK18  BANK19  BANK20  BANK21  BANK22  BANK23  BANK24  BANK25  BANK26  BANK27  BANK28  BANK29  BANK30  BANK31
      Params:         0       0       0       0       0       0       0       0       0       0       0       0       0       0       0       0       0       0       0       0       0       0       0       0       0       0       0       0       0       0       0       0       0
      Locals:         1       0       0       0       0       0       0       0       0       0       0       0       0       0       0       0       0       0       0       0       0       0       0       0       0       0       0       0       0       0       0       0       0
      Temps:          0       0       0       0       0       0       0       0       0       0       0       0       0       0       0       0       0       0       0       0       0       0       0       0       0       0       0       0       0       0       0       0       0
      Totals:         1       0       0       0       0       0       0       0       0       0       0       0       0       0       0       0       0       0       0       0       0       0       0       0       0       0       0       0       0       0       0       0       0
Total ram usage:        1 bytes
 Hardware stack levels used:    1
 This function calls:
		Nothing
 This function is called by:
		i2_LCD_Write_String
		i2_LCD_printNowCountdown
 This function uses a non-reentrant model


 *************** function i2_LCD_Set_Cursor *****************
 Defined at:
		line 62 in file "lcd.c"
 Parameters:    Size  Location     Type
  c               2    1[COMRAM] int 
  d               2    3[COMRAM] int 
 Auto vars:     Size  Location     Type
  LCD_Set_Curs    1    5[COMRAM] unsigned char 
 Return value:  Size  Location     Type
                  1    wreg      void 
 Registers used:
		wreg, status,2, status,0, cstack
 Tracked objects:
		On entry : 
		On exit  : 
		Unchanged: 
 Data sizes:     COMRAM   BANK0   BANK1   BANK2   BANK3   BANK4   BANK5   BANK6   BANK7   BANK8   BANK9  BANK10  BANK11  BANK12  BANK13  BANK14  BANK15  BANK16  BANK17  BANK18  BANK19  BANK20  BANK21  BANK22  BANK23  BANK24  BANK25  BANK26  BANK27  BANK28  BANK29  BANK30  BANK31
      Params:         4       0       0       0       0       0       0       0       0       0       0       0       0       0       0       0       0       0       0       0       0       0       0       0       0       0       0       0       0       0       0       0       0
      Locals:         1       0       0       0       0       0       0       0       0       0       0       0       0       0       0       0       0       0       0       0       0       0       0       0       0       0       0       0       0       0       0       0       0
      Temps:          0       0       0       0       0       0       0       0       0       0       0       0       0       0       0       0       0       0       0       0       0       0       0       0       0       0       0       0       0       0       0       0       0
      Totals:         5       0       0       0       0       0       0       0       0       0       0       0       0       0       0       0       0       0       0       0       0       0       0       0       0       0       0       0       0       0       0       0       0
Total ram usage:        5 bytes
 Hardware stack levels used:    1
 Hardware stack levels required when called:    1
 This function calls:
		i2_LCD_Cmd
 This function is called by:
		_ISR
		i2_LCD_printNowCountdown
 This function uses a non-reentrant model


 *************** function i2_LCD_Cmd *****************
 Defined at:
		line 43 in file "lcd.c"
 Parameters:    Size  Location     Type
  b               1    wreg     unsigned char 
 Auto vars:     Size  Location     Type
  b               1    0[COMRAM] unsigned char 
 Return value:  Size  Location     Type
                  1    wreg      void 
 Registers used:
		wreg, status,2, cstack
 Tracked objects:
		On entry : 
		On exit  : 
		Unchanged: 
 Data sizes:     COMRAM   BANK0   BANK1   BANK2   BANK3   BANK4   BANK5   BANK6   BANK7   BANK8   BANK9  BANK10  BANK11  BANK12  BANK13  BANK14  BANK15  BANK16  BANK17  BANK18  BANK19  BANK20  BANK21  BANK22  BANK23  BANK24  BANK25  BANK26  BANK27  BANK28  BANK29  BANK30  BANK31
      Params:         0       0       0       0       0       0       0       0       0       0       0       0       0       0       0       0       0       0       0       0       0       0       0       0       0       0       0       0       0       0       0       0       0
      Locals:         1       0       0       0       0       0       0       0       0       0       0       0       0       0       0       0       0       0       0       0       0       0       0       0       0       0       0       0       0       0       0       0       0
      Temps:          0       0       0       0       0       0       0       0       0       0       0       0       0       0       0       0       0       0       0       0       0       0       0       0       0       0       0       0       0       0       0       0       0
      Totals:         1       0       0       0       0       0       0       0       0       0       0       0       0       0       0       0       0       0       0       0       0       0       0       0       0       0       0       0       0       0       0       0       0
Total ram usage:        1 bytes
 Hardware stack levels used:    1
 This function calls:
		Nothing
 This function is called by:
		i2_LCD_Set_Cursor
 This function uses a non-reentrant model


 *************** function _endBeep *****************
 Defined at:
		line 165 in file "beeper.c"
 Parameters:    Size  Location     Type
		None
 Auto vars:     Size  Location     Type
  i               2    3[COMRAM] int 
  i               2    1[COMRAM] int 
 Return value:  Size  Location     Type
                  1    wreg      void 
 Registers used:
		wreg, status,2, status,0
 Tracked objects:
		On entry : 
		On exit  : 
		Unchanged: 
 Data sizes:     COMRAM   BANK0   BANK1   BANK2   BANK3   BANK4   BANK5   BANK6   BANK7   BANK8   BANK9  BANK10  BANK11  BANK12  BANK13  BANK14  BANK15  BANK16  BANK17  BANK18  BANK19  BANK20  BANK21  BANK22  BANK23  BANK24  BANK25  BANK26  BANK27  BANK28  BANK29  BANK30  BANK31
      Params:         0       0       0       0       0       0       0       0       0       0       0       0       0       0       0       0       0       0       0       0       0       0       0       0       0       0       0       0       0       0       0       0       0
      Locals:         4       0       0       0       0       0       0       0       0       0       0       0       0       0       0       0       0       0       0       0       0       0       0       0       0       0       0       0       0       0       0       0       0
      Temps:          1       0       0       0       0       0       0       0       0       0       0       0       0       0       0       0       0       0       0       0       0       0       0       0       0       0       0       0       0       0       0       0       0
      Totals:         5       0       0       0       0       0       0       0       0       0       0       0       0       0       0       0       0       0       0       0       0       0       0       0       0       0       0       0       0       0       0       0       0
Total ram usage:        5 bytes
 Hardware stack levels used:    1
 This function calls:
		Nothing
 This function is called by:
		_countdown_drop_timer
 This function uses a non-reentrant model


 *************** function _countdown_now_num2str *****************
 Defined at:
		line 96 in file "countdown.c"
 Parameters:    Size  Location     Type
		None
 Auto vars:     Size  Location     Type
  i               2    2[COMRAM] int 
 Return value:  Size  Location     Type
                  1    wreg      void 
 Registers used:
		wreg, fsr2l, fsr2h, status,2, status,0
 Tracked objects:
		On entry : 
		On exit  : 
		Unchanged: 
 Data sizes:     COMRAM   BANK0   BANK1   BANK2   BANK3   BANK4   BANK5   BANK6   BANK7   BANK8   BANK9  BANK10  BANK11  BANK12  BANK13  BANK14  BANK15  BANK16  BANK17  BANK18  BANK19  BANK20  BANK21  BANK22  BANK23  BANK24  BANK25  BANK26  BANK27  BANK28  BANK29  BANK30  BANK31
      Params:         0       0       0       0       0       0       0       0       0       0       0       0       0       0       0       0       0       0       0       0       0       0       0       0       0       0       0       0       0       0       0       0       0
      Locals:         2       0       0       0       0       0       0       0       0       0       0       0       0       0       0       0       0       0       0       0       0       0       0       0       0       0       0       0       0       0       0       0       0
      Temps:          2       0       0       0       0       0       0       0       0       0       0       0       0       0       0       0       0       0       0       0       0       0       0       0       0       0       0       0       0       0       0       0       0
      Totals:         4       0       0       0       0       0       0       0       0       0       0       0       0       0       0       0       0       0       0       0       0       0       0       0       0       0       0       0       0       0       0       0       0
Total ram usage:        4 bytes
 Hardware stack levels used:    1
 This function calls:
		Nothing
 This function is called by:
		_countdown_drop_timer
 This function uses a non-reentrant model



MODULE INFORMATION

Module		Function		Class		Link	Load	Size
beeper.c
		_armBeep       		CODE           	1333C	0000	33
		_ISR           		CODE           	128AC	0000	197
		_normalBeep    		CODE           	1343A	0000	19
		_normalBlink   		CODE           	1346E	0000	17
		_disarmBeep    		CODE           	1307E	0000	59
		_quickBlink    		CODE           	1345E	0000	17
		_longLowBeep   		CODE           	133FE	0000	23
		_quickBeep     		CODE           	13428	0000	19
		_endBeep       		CODE           	12AE0	0000	153
		_BEEPER_Initialize		CODE           	12F32	0000	71
		_veryLowBeep   		CODE           	13414	0000	21

beeper.c estimated size: 629

UART.c
		_serialPrint   		CODE           	12CF8	0000	103
		_serialSend    		CODE           	13498	0000	11
		_UART1_Initialize		CODE           	1321E	0000	45

UART.c estimated size: 159

keypad.c
		_KEYPAD_Initialize		CODE           	1335C	0000	31
		_keypadScan    		CODE           	1250E	0000	323
		_keypadRead    		CODE           	123C0	0000	335

keypad.c estimated size: 689

shared
		i2_LCD_Write_Char		CODE           	132D8	0000	35
		i2_LCD_printNowCountdown		CODE           	12EE8	0000	75
		i2_LCD_Cmd     		CODE           	13396	0000	29
		i2_LCD_Set_Cursor		CODE           	131F0	0000	47
		__initialization		CODE           	12C86	0000	105
		i2_LCD_Write_String		CODE           	12E02	0000	83
		i2_serialSend  		CODE           	134A2	0000	11
		i2_countdownStop		CODE           	134D2	0000	7
		i2_normalBeep  		CODE           	1344C	0000	19

shared estimated size: 411

mcc.c
		_PIN_MANAGER_Initialize		CODE           	13160	0000	51
		_INTERRUPT_Initialize		CODE           	1348C	0000	13
		_ADC_MANAGER_Initialize		CODE           	134DA	0000	3
		_CONFIGURATION_Initialize		CODE           	134D8	0000	3
		_PMD_Initialize		CODE           	13270	0000	37
		_OSCILLATOR_Initialize		CODE           	133E6	0000	25
		_SYSTEM_Initialize		CODE           	133CC	0000	27

mcc.c estimated size: 159

C:\Program Files (x86)\Microchip\xc8\v2.00\pic\sources\c90\common\strlen.c
		_strlen        		CODE           	12F78	0000	71

C:\Program Files (x86)\Microchip\xc8\v2.00\pic\sources\c90\common\strlen.c estimated size: 71

C:\Program Files (x86)\Microchip\xc8\v2.00\pic\sources\c90\common\strcmp.c
		_strcmp        		CODE           	12D5E	0000	83

C:\Program Files (x86)\Microchip\xc8\v2.00\pic\sources\c90\common\strcmp.c estimated size: 83

lcd.c
		_LCD_Write_Char		CODE           	132B6	0000	35
		_LCD_Cursor_Left		CODE           	134C4	0000	9
		_LCD_Cursor_Blink_On		CODE           	134AC	0000	9
		_LCD_Cmd       		CODE           	1337A	0000	29
		_LCD_printDeclined		CODE           	12970	0000	185
		_LCD_Initialize		CODE           	12C00	0000	135
		_LCD_printAccepted		CODE           	12A28	0000	185
		_LCD_Set_Cursor		CODE           	131C2	0000	47
		_LCD_printInitialCountdown		CODE           	12E9E	0000	75
		_LCD_Clear     		CODE           	1331C	0000	33
		_LCD_resetPasswordEntry		CODE           	1312A	0000	55
		_LCD_printNowCountdown		CODE           	12E54	0000	75
		_LCD_Cursor_Blink_Off		CODE           	134B4	0000	9
		_LCD_Cursor_Right		CODE           	134BC	0000	9
		_LCD_Write_String		CODE           	12DB0	0000	83

lcd.c estimated size: 973

main.c
		_verifyInterfaceOptions		CODE           	12B78	0000	137
		_resetPasswordEntry		CODE           	13192	0000	49
		_main          		CODE           	10000	0000	5465
		_resetEntry    		CODE           	13042	0000	61
		_stanbyPageReset		CODE           	12FBE	0000	67
		_disarmedPageReset		CODE           	13000	0000	67
		_armedPageReset		CODE           	130B8	0000	59
		_setup         		CODE           	133B2	0000	27
		_verifyPassword		CODE           	130F2	0000	57

main.c estimated size: 5989

countdown.c
		_countdownStart		CODE           	1347E	0000	15
		_countdown_now_reset_to_initial		CODE           	12650	0000	311
		_countdown_initial_str2num		CODE           	11558	0000	2041
		_COUNTDOWN_Initialize		CODE           	13294	0000	35
		_countdown_drop_timer		CODE           	12786	0000	295
		_countdown_now_num2str		CODE           	11D50	0000	1649
		_countdownStop 		CODE           	134CC	0000	7

countdown.c estimated size: 4353

